ERROR: http: Field path 'J2' is ambiguous: protiary.test.json_name_duplicate.In has field 'J2' and also has field 'J3' with json_name='J2'
WARNING: http: POST/PATCH/PUT method for 'protiary.test.json_name_duplicate.TestService.Call1' should specify a body.
WARNING: (lint) http-rest: 'rpc Call1 as HTTP POST /v1/test/*' is not a recognized REST pattern. Did you mean one of:
  rpc Call1 as HTTP GET <prefix>:<literal>
  rpc Call1 as HTTP POST <prefix>:<literal>
