GET ListFruits /trees/{tree_id}/fruits
======================================================================
Rest Kind:   LIST
Version:  (empty)
Version with default:  v1
Simple collection:  fruits
Versioned collection:  trees.fruits
Unversioned collection:  trees.fruits
Custom Name: (null)

GET GetFruit /trees/{tree_id}/fruits/{fruit_id}
======================================================================
Rest Kind:   GET
Version:  (empty)
Version with default:  v1
Simple collection:  fruits
Versioned collection:  trees.fruits
Unversioned collection:  trees.fruits
Custom Name: (null)

PUT UpdateFruit /trees/{tree_id}/fruits/{fruit_id}
======================================================================
Rest Kind:   UPDATE
Version:  (empty)
Version with default:  v1
Simple collection:  fruits
Versioned collection:  trees.fruits
Unversioned collection:  trees.fruits
Custom Name: (null)

POST CreateFruit /trees/{tree_id}/fruits
======================================================================
Rest Kind:   CREATE
Version:  (empty)
Version with default:  v1
Simple collection:  fruits
Versioned collection:  trees.fruits
Unversioned collection:  trees.fruits
Custom Name: (null)

POST InsertFruit /trees/{tree_id}/fruits
======================================================================
Rest Kind:   CREATE
Version:  (empty)
Version with default:  v1
Simple collection:  fruits
Versioned collection:  trees.fruits
Unversioned collection:  trees.fruits
Custom Name: (null)

POST RipenFruit /trees/{tree_id}/fruits/{fruit_id}/ripen
======================================================================
Rest Kind:   CUSTOM
Version:  (empty)
Version with default:  v1
Simple collection:  fruits
Versioned collection:  trees.fruits
Unversioned collection:  trees.fruits
Custom Name: ripen

POST RipenFruit /trees/{tree_id}/fruits/{fruit_id}:ripen
======================================================================
Rest Kind:   CUSTOM
Version:  (empty)
Version with default:  v1
Simple collection:  fruits
Versioned collection:  trees.fruits
Unversioned collection:  trees.fruits
Custom Name: ripen

DELETE DeleteFruit /trees/{tree_id}/fruits/{fruit_id}
======================================================================
Rest Kind:   DELETE
Version:  (empty)
Version with default:  v1
Simple collection:  fruits
Versioned collection:  trees.fruits
Unversioned collection:  trees.fruits
Custom Name: (null)

PATCH PatchFruit /trees/{tree_id}/fruits/{fruit_id}
======================================================================
Rest Kind:   PATCH
Version:  (empty)
Version with default:  v1
Simple collection:  fruits
Versioned collection:  trees.fruits
Unversioned collection:  trees.fruits
Custom Name: (null)

PATCH PatchBranch /trees/{tree_id}/branch
======================================================================
Rest Kind:   CUSTOM
Version:  (empty)
Version with default:  v1
Simple collection:  trees
Versioned collection:  trees
Unversioned collection:  trees
Custom Name: patchBranch

GET GetFruitDiameter /{fruit_id}/diameter
======================================================================
Rest Kind:   CUSTOM
Version:  (empty)
Version with default:  v1
Simple collection:  (empty)
Versioned collection:  (empty)
Unversioned collection:  (empty)
Custom Name: getDiameter

GET ListTrees /trees
======================================================================
Rest Kind:   LIST
Version:  (empty)
Version with default:  v1
Simple collection:  trees
Versioned collection:  trees
Unversioned collection:  trees
Custom Name: (null)

GET GetTree /trees/{tree_id}
======================================================================
Rest Kind:   GET
Version:  (empty)
Version with default:  v1
Simple collection:  trees
Versioned collection:  trees
Unversioned collection:  trees
Custom Name: (null)

PUT UpdateTree /trees/{tree_id}
======================================================================
Rest Kind:   UPDATE
Version:  (empty)
Version with default:  v1
Simple collection:  trees
Versioned collection:  trees
Unversioned collection:  trees
Custom Name: (null)

POST CreateTree /trees
======================================================================
Rest Kind:   CREATE
Version:  (empty)
Version with default:  v1
Simple collection:  trees
Versioned collection:  trees
Unversioned collection:  trees
Custom Name: (null)

POST InsertTree /trees
======================================================================
Rest Kind:   CREATE
Version:  (empty)
Version with default:  v1
Simple collection:  trees
Versioned collection:  trees
Unversioned collection:  trees
Custom Name: (null)

POST ShakeTree /trees/{tree_id}/shake
======================================================================
Rest Kind:   CUSTOM
Version:  (empty)
Version with default:  v1
Simple collection:  trees
Versioned collection:  trees
Unversioned collection:  trees
Custom Name: shake

POST ShakeTree /trees/{tree_id}:shake
======================================================================
Rest Kind:   CUSTOM
Version:  (empty)
Version with default:  v1
Simple collection:  trees
Versioned collection:  trees
Unversioned collection:  trees
Custom Name: shake

DELETE DeleteTree /trees/{tree_id}
======================================================================
Rest Kind:   DELETE
Version:  (empty)
Version with default:  v1
Simple collection:  trees
Versioned collection:  trees
Unversioned collection:  trees
Custom Name: (null)

PATCH PatchTree /trees/{tree_id}
======================================================================
Rest Kind:   PATCH
Version:  (empty)
Version with default:  v1
Simple collection:  trees
Versioned collection:  trees
Unversioned collection:  trees
Custom Name: (null)

GET GetOrchardLocation /orchard/location
======================================================================
Rest Kind:   CUSTOM
Version:  (empty)
Version with default:  v1
Simple collection:  orchard
Versioned collection:  orchard
Unversioned collection:  orchard
Custom Name: getLocation

PUT UpdateOrchardLocation /orchard/location
======================================================================
Rest Kind:   CUSTOM
Version:  (empty)
Version with default:  v1
Simple collection:  orchard
Versioned collection:  orchard
Unversioned collection:  orchard
Custom Name: updateLocation

GET GetOrchard /orchard
======================================================================
Rest Kind:   CUSTOM
Version:  (empty)
Version with default:  v1
Simple collection:  (empty)
Versioned collection:  (empty)
Unversioned collection:  (empty)
Custom Name: getOrchard

PUT UpdateOrchard /orchard
======================================================================
Rest Kind:   CUSTOM
Version:  (empty)
Version with default:  v1
Simple collection:  (empty)
Versioned collection:  (empty)
Unversioned collection:  (empty)
Custom Name: updateOrchard

GET FindTallestTree /orchard/tallestTree
======================================================================
Rest Kind:   CUSTOM
Version:  (empty)
Version with default:  v1
Simple collection:  orchard
Versioned collection:  orchard
Unversioned collection:  orchard
Custom Name: tallestTree

GET FindTrees /findTrees
======================================================================
Rest Kind:   CUSTOM
Version:  (empty)
Version with default:  v1
Simple collection:  (empty)
Versioned collection:  (empty)
Unversioned collection:  (empty)
Custom Name: findTrees

GET FindRipeFruit /trees/{tree_id}/findRipeFruit
======================================================================
Rest Kind:   CUSTOM
Version:  (empty)
Version with default:  v1
Simple collection:  trees
Versioned collection:  trees
Unversioned collection:  trees
Custom Name: findRipeFruit

GET FindRipeFruit /trees/{tree_id}:findRipeFruit
======================================================================
Rest Kind:   CUSTOM
Version:  (empty)
Version with default:  v1
Simple collection:  trees
Versioned collection:  trees
Unversioned collection:  trees
Custom Name: findRipeFruit

GET FindWorm /trees/{tree_id}/fruits/{fruit_id}/findWorm
======================================================================
Rest Kind:   CUSTOM
Version:  (empty)
Version with default:  v1
Simple collection:  fruits
Versioned collection:  trees.fruits
Unversioned collection:  trees.fruits
Custom Name: findWorm

PUT CreateBush /bushes/{bush_id}
======================================================================
Rest Kind:   CREATE
Version:  (empty)
Version with default:  v1
Simple collection:  bushes
Versioned collection:  bushes
Unversioned collection:  bushes
Custom Name: (null)

DELETE DeleteJenkins /projects/{project}/jenkins
======================================================================
Rest Kind:   CUSTOM
Version:  (empty)
Version with default:  v1
Simple collection:  projects
Versioned collection:  projects
Unversioned collection:  projects
Custom Name: deleteJenkins

GET GetFruit /v1:fruit
======================================================================
Rest Kind:   CUSTOM
Version:  v1
Version with default:  v1
Simple collection:  v1
Versioned collection:  v1
Unversioned collection:  (empty)
Custom Name: getFruit

PUT UpdateFruit /v1:fruit
======================================================================
Rest Kind:   CUSTOM
Version:  v1
Version with default:  v1
Simple collection:  v1
Versioned collection:  v1
Unversioned collection:  (empty)
Custom Name: updateFruit

DELETE DeleteFruit /v1:fruit
======================================================================
Rest Kind:   CUSTOM
Version:  v1
Version with default:  v1
Simple collection:  v1
Versioned collection:  v1
Unversioned collection:  (empty)
Custom Name: deleteFruit

GET GetFruit (empty)
======================================================================
Rest Kind:   CUSTOM
Version:  (empty)
Version with default:  v1
Simple collection:  *error*
Versioned collection:  *error*
Unversioned collection:  *error*
Custom Name: *error*
Diagnostics:
  ERROR: toplevel: In path template '': unexpected end of input ''.
  ERROR: toplevel: In path template '': effective path must start with leading '/'.

GET GetFruit /
======================================================================
Rest Kind:   CUSTOM
Version:  (empty)
Version with default:  v1
Simple collection:  (empty)
Versioned collection:  (empty)
Unversioned collection:  (empty)
Custom Name: get

GET GetFruit /:fruit
======================================================================
Rest Kind:   CUSTOM
Version:  (empty)
Version with default:  v1
Simple collection:  *error*
Versioned collection:  *error*
Unversioned collection:  *error*
Custom Name: *error*
Diagnostics:
  ERROR: toplevel: In path template '/:fruit': unexpected end of input ''.
  ERROR: toplevel: In path template '/:fruit': effective path must start with leading '/'.
  WARNING: toplevel: In path template '/:fruit': Token '/:' before a custom verb is not currently supported.

GET MethodNotStartingWithGet /projects/{project}
======================================================================
Rest Kind:   CUSTOM
Version:  (empty)
Version with default:  v1
Simple collection:  projects
Versioned collection:  projects
Unversioned collection:  projects
Custom Name: get

GET MethodNotStartingWithGet /projects/{project}
======================================================================
Rest Kind:   CUSTOM
Version:  (empty)
Version with default:  v1
Simple collection:  projects
Versioned collection:  projects
Unversioned collection:  projects
Custom Name: methodNotStartingWithGet




