WARNING: (lint) naming-upper-camel: Name 'bucket' is not matching upper-camel conventions (pattern '[A-Z][A-Za-z0-9]*')
WARNING: (lint) naming-name-abbreviation: Use of full name(s) 'specification' in 'BucketSpecification' is not recommended, use 'spec' instead.
WARNING: (lint) naming-name-abbreviation: Use of full name(s) 'specification' in 'field_specification' is not recommended, use 'spec' instead.
WARNING: (lint) naming-upper-underscore: Name 'this' is not matching upper-underscore conventions (pattern '[A-Z][A-Z0-9_]*')
WARNING: (lint) naming-upper-camel: Name 'get_object' is not matching upper-camel conventions (pattern '[A-Z][A-Za-z0-9]*')
WARNING: (lint) naming-name-abbreviation: Use of full name(s) 'identifier' in 'StorageIdentifier' is not recommended, use 'id' instead.
WARNING: (lint) naming-name-abbreviation: Use of full name(s) 'identifier,configuration' in 'GetBucketConfigurationIdentifier' is not recommended, use 'id,config' instead.
WARNING: (lint) naming-service-dns-name: Invalid DNS name 'blob.google_apis.com'.

