usage {
  requirements: "serviceusage.googleapis.com/tos/test1"
  activation_hooks: "test activation_hook 1"
  activation_hooks: "test activation_hook 2"
  deactivation_hooks: "test deactivation_hook 1"
  rules {
    selector: "protiary.test.TestService1.Call2"
    allow_unregistered_calls: true
  }
  rules {
    selector: "protiary.test.TestService1.Call4"
  }
  rules {
    selector: "protiary.test.TestService2.Call1"
    allow_unregistered_calls: true
  }
  rules {
    selector: "protiary.test.TestService2.Call2"
    allow_unregistered_calls: true
  }
  rules {
    selector: "protiary.test.TestService2.Call3"
    allow_unregistered_calls: true
  }
  rules {
    selector: "protiary.test.TestService2.Call4"
    allow_unregistered_calls: true
  }
  rules {
    selector: "protiary.test.TestService2.Call5"
    allow_unregistered_calls: true
  }
  rules {
    selector: "protiary.test.TestService2.Call6"
    allow_unregistered_calls: true
  }
}

