documentation {
  rules {
    selector: "protiary.test"
    description: "Testing various ways to add deprecation descriptions"
  }
  rules {
    selector: "protiary.test.Message"
    description: "A message."
  }
  rules {
    selector: "protiary.test.Service.Rpc"
    description: "(-- Rpc has no deprecation description. --)"
  }
  rules {
    selector: "protiary.test.Service.Rpc1"
    description: "(-- This one is deprecated - use [protiary.test.Service.Rpc][protiary.test.Service.Rpc]. --)\n\' that shouldn\'t be parsed. ==)"
    deprecation_description: "Use Rpc() instead of Rpc1(). Has embedded \'(== deprecation_description foo"
  }
  rules {
    selector: "protiary.test.Service.Rpc2"
    description: "(-- This one has deprecation description without being marked deprecated. --)"
    deprecation_description: "Use [protiary.test.Service.Rpc][protiary.test.Service.Rpc] instead of this one."
  }
  pages {
    name: "Overview"
  }
}

