WARNING: (lint) documentation-presence: 'int64 protiary.test.Message.begin_time' has no documentation, neither in IDL nor config.
WARNING: (lint) documentation-presence: 'api protiary.test.Service' has no documentation, neither in IDL nor config.
documentation {
  rules {
    selector: "protiary.test.Message"
    description: "A message."
  }
  rules {
    selector: "protiary.test.Service.Rpc"
    description: "1"
  }
}

