ERROR: invalid_type_wildcard.yaml:9: Cannot resolve additional TYPE_MESSAGE type 'protiary.test.Outer1.Unknown' specified in the config.
ERROR: invalid_type_wildcard.yaml:11: Type selector 'protiary.test.Outer1*' specified in the config has bad syntax. Valid format is "<segment>('.' <segment>)*('.' '*')?"
ERROR: invalid_type_wildcard.yaml:12: Type selector 'protiary.test.Outer1*.' specified in the config has bad syntax. Valid format is "<segment>('.' <segment>)*('.' '*')?"
ERROR: invalid_type_wildcard.yaml:13: Type selector '*' specified in the config has bad syntax. Valid format is "<segment>('.' <segment>)*('.' '*')?"
