WARNING: toplevel: (lint) control-presence: Service foobar.googleprod.com does not have control environment configured.
============== file: normalized config without derived data ==============
name: "foobar.googleprod.com"
title: "Google Foobar"
documentation {
}
http {
}
quota {
}
authentication {
}
usage {
}
endpoints {
  name: "foobar.googleprod.com"
}
config_version {
  value: 3
}
system_parameters {
}
experimental {
}

============== Successfully regenerated service config ==============
