WARNING: toplevel: The api_service name {} does not match the base service name {library-example} of {library-example.googleapis.com}.
WARNING: toplevel: (lint) control-presence: Service library-example.googleapis.com does not have control environment configured.
WARNING: library_without_discovery.yaml:2: (lint) versioning-config: Specified config_version value '2' is not equal to the current default value '3'. Consider changing this value to the default config version.
============== file: normalized config without derived data ==============
name: "library-example.googleapis.com"
title: "Google Example Library API"
documentation {
  summary: "A simple Google Example Library API."
}
authentication {
}
endpoints {
  name: "library-example.googleapis.com"
  aliases: "library-example.clients6.google.com"
  aliases: "content-library-example.googleapis.com"
}
config_version {
  value: 2
}

============== Successfully regenerated service config ==============
