WARNING: distributed_swagger.json: Operation 'post' in path '/v1/pets/{name}': Operation does not require an API key; callers may invoke the method without specifying an associated API-consuming project. To enable API key all the SecurityRequirement Objects (https://github.com/OAI/OpenAPI-Specification/blob/master/versions/2.0.md#security-requirement-object) inside security definition must reference at least one SecurityDefinition of type : 'apiKey'.
name: "library-example.googleapis.com"
title: "Google Example Library API"
apis {
  name: "library_example_googleapis_com_v1"
  methods {
    name: "SimpleMethod"
    request_type_url: "type.googleapis.com/namespace.types.SimpleMethodRequest"
    response_type_url: "type.googleapis.com/namespace.types.Distributed_shared_json"
  }
  version: "v1"
  source_context {
    file_name: "distributed_swagger.json"
  }
}
types {
  name: "namespace.types.SimpleDefRef"
  fields {
    kind: TYPE_STRING
    cardinality: CARDINALITY_OPTIONAL
    number: 1
    name: "nested_name"
    json_name: "nestedName"
  }
  source_context {
    file_name: "namespace.types"
  }
}
types {
  name: "namespace.types.SharedSchema2"
  fields {
    kind: TYPE_STRING
    cardinality: CARDINALITY_OPTIONAL
    number: 1
    name: "obj"
    json_name: "obj"
  }
  source_context {
    file_name: "namespace.types"
  }
}
types {
  name: "namespace.types.Distributed_shared_json"
  fields {
    kind: TYPE_MESSAGE
    cardinality: CARDINALITY_OPTIONAL
    number: 1
    name: "my_string_a"
    type_url: "type.googleapis.com/namespace.types.SharedSchema2"
    json_name: "myStringA"
  }
  source_context {
    file_name: "namespace.types"
  }
}
types {
  name: "namespace.types.SimpleMethodRequest"
  fields {
    kind: TYPE_STRING
    cardinality: CARDINALITY_OPTIONAL
    number: 1
    name: "name"
    json_name: "name"
  }
  fields {
    kind: TYPE_MESSAGE
    cardinality: CARDINALITY_OPTIONAL
    number: 2
    name: "body"
    type_url: "type.googleapis.com/namespace.types.SimpleDefRef"
    json_name: "body"
  }
  source_context {
    file_name: "namespace.types"
  }
}
documentation {
  summary: "A simple Google Example Library API."
}
http {
  rules {
    selector: "library_example_googleapis_com_v1.SimpleMethod"
    post: "/v1/pets/{name}"
    body: "body"
  }
}
usage {
  rules {
    selector: "library_example_googleapis_com_v1.SimpleMethod"
    allow_unregistered_calls: true
  }
}
endpoints {
  name: "library-example.googleapis.com"
  aliases: "library-example.clients6.google.com"
  aliases: "content-library-example.googleapis.com"
  apis: "library_example_googleapis_com_v1"
}
control {
  environment: "servicecontrol.googleapis.com"
}

