ERROR: invalid_quota_dangling_ref.yaml: x-google-quota: Quota Extension for method 'v1.library_example_cloud_goog.CreateShelf' references undefined metric(s) 'non_existent_metric'
WARNING: invalid_quota_dangling_ref.yaml: Operation 'post' in path '/v1/shelves': Operation does not require an API key; callers may invoke the method without specifying an associated API-consuming project. To enable API key all the SecurityRequirement Objects (https://github.com/OAI/OpenAPI-Specification/blob/master/versions/2.0.md#security-requirement-object) inside security definition must reference at least one SecurityDefinition of type : 'apiKey'.
Service config creation failed
