WARNING: object_type_property.json: Operation 'post' in path '/v1/pets': Operation does not require an API key; callers may invoke the method without specifying an associated API-consuming project. To enable API key all the SecurityRequirement Objects (https://github.com/OAI/OpenAPI-Specification/blob/master/versions/2.0.md#security-requirement-object) inside security definition must reference at least one SecurityDefinition of type : 'apiKey'.
name: "library-example.googleapis.com"
title: "Google Example Library API"
apis {
  name: "library_example_googleapis_com_v1"
  methods {
    name: "SimpleMethod"
    request_type_url: "type.googleapis.com/namespace.types.SimpleMethodRequest"
    response_type_url: "type.googleapis.com/namespace.types.SimpleDef"
  }
  version: "v1"
  source_context {
    file_name: "object_type_property.json"
  }
}
types {
  name: "namespace.types.MapEntry"
  fields {
    kind: TYPE_STRING
    cardinality: CARDINALITY_OPTIONAL
    number: 1
    name: "key"
    json_name: "key"
  }
  fields {
    kind: TYPE_STRING
    cardinality: CARDINALITY_OPTIONAL
    number: 2
    name: "value"
    json_name: "value"
  }
  options {
    name: "google.protobuf.MessageOptions.map_entry"
    value {
      type_url: "type.googleapis.com/google.protobuf.BoolValue"
      value: "\b\001"
    }
  }
  source_context {
    file_name: "namespace.types"
  }
}
types {
  name: "namespace.types.SimpleDef"
  fields {
    kind: TYPE_MESSAGE
    cardinality: CARDINALITY_REPEATED
    number: 1
    name: "my_map_prop"
    type_url: "type.googleapis.com/namespace.types.MapEntry"
    json_name: "myMapProp"
  }
  fields {
    kind: TYPE_MESSAGE
    cardinality: CARDINALITY_OPTIONAL
    number: 2
    name: "my_obj_prop"
    type_url: "type.googleapis.com/google.protobuf.Struct"
    json_name: "myObjProp"
  }
  source_context {
    file_name: "namespace.types"
  }
}
types {
  name: "namespace.types.SimpleMethodRequest"
  fields {
    kind: TYPE_STRING
    cardinality: CARDINALITY_OPTIONAL
    number: 1
    name: "my_string"
    json_name: "myString"
  }
  source_context {
    file_name: "namespace.types"
  }
}
documentation {
  summary: "A simple Google Example Library API."
}
http {
  rules {
    selector: "library_example_googleapis_com_v1.SimpleMethod"
    post: "/v1/pets"
  }
}
usage {
  rules {
    selector: "library_example_googleapis_com_v1.SimpleMethod"
    allow_unregistered_calls: true
  }
}
endpoints {
  name: "library-example.googleapis.com"
  aliases: "library-example.clients6.google.com"
  aliases: "content-library-example.googleapis.com"
  apis: "library_example_googleapis_com_v1"
}
control {
  environment: "servicecontrol.googleapis.com"
}

