WARNING: reference_properties.json: Operation 'post' in path '/v1/pets': Operation does not require an API key; callers may invoke the method without specifying an associated API-consuming project.
name: "library-example.googleapis.com"
title: "Google Example Library API"
apis {
  name: "google.example.methods"
  methods {
    name: "SimpleMethod"
    request_type_url: "type.googleapis.com/namespace.types.SimpleMethodRequest"
    response_type_url: "type.googleapis.com/namespace.types.SimpleDef"
  }
  version: "v1"
  source_context {
    file_name: "google.example.methods"
  }
}
types {
  name: "namespace.types.SimpleDef"
  fields {
    kind: TYPE_STRING
    cardinality: CARDINALITY_OPTIONAL
    number: 1
    name: "my_string_a"
    json_name: "myStringA"
  }
  source_context {
    file_name: "namespace.types"
  }
}
types {
  name: "namespace.types.SimpleMethodRequest"
  fields {
    kind: TYPE_MESSAGE
    cardinality: CARDINALITY_OPTIONAL
    number: 1
    name: "my_body_ref"
    type_url: "type.googleapis.com/namespace.types.SimpleDef"
    json_name: "myBodyRef"
  }
  source_context {
    file_name: "namespace.types"
  }
}
documentation {
  summary: "A simple Google Example Library API."
}
http {
  rules {
    selector: "google.example.methods.SimpleMethod"
    post: "/v1/pets"
    body: "my_body_ref"
  }
}
usage {
  rules {
    selector: "google.example.methods.SimpleMethod"
    allow_unregistered_calls: true
  }
}
endpoints {
  name: "library-example.googleapis.com"
  aliases: "library-example.clients6.google.com"
  aliases: "content-library-example.googleapis.com"
  apis: "google.example.methods"
}
control {
  environment: "servicecontrol.googleapis.com"
}

