name: "library-example.cloud.goog"
title: "Google Example Library API"
apis {
  name: "v1.library_example_cloud_goog"
  version: "v1"
  source_context {
    file_name: "x-google-endpoints.json"
  }
}
documentation {
  summary: "A simple Google Example Library API."
}
http {
}
authentication {
}
context {
}
usage {
}
endpoints {
  name: "library-example.cloud.goog"
  apis: "v1.library_example_cloud_goog"
  allow_cors: true
}
control {
  environment: "servicecontrol.googleapis.com"
}
system_parameters {
}
experimental {
}

