ERROR: x-google-endpoints-with-mismatched-name.json: x-google-endpoints: OpenAPI spec is invalid. The endpoint name: 'mismatched-name.endpoints.test-project.cloud.goog' defined in the extension 'x-google-endpoints' is different than the host name: 'library-example.endpoints.test-project.cloud.goog'. Please use the host name as the endpoint name.
name: "library-example.endpoints.test-project.cloud.goog"
title: "Google Example Library API"
apis {
  name: "v1.library_example_endpoints_test_project_cloud_goog"
  version: "v1"
  source_context {
    file_name: "x-google-endpoints-with-mismatched-name.json"
  }
}
documentation {
  summary: "A simple Google Example Library API."
}
http {
}
authentication {
}
context {
}
usage {
}
endpoints {
  name: "mismatched-name.endpoints.test-project.cloud.goog"
  apis: "v1.library_example_endpoints_test_project_cloud_goog"
  target: "5.5.5.5"
}
control {
  environment: "servicecontrol.googleapis.com"
}
system_parameters {
}
experimental {
}

