name: "library-example.endpoints.test-project.cloud.goog"
title: "Google Example Library API"
apis {
  name: "v1.library_example_endpoints_test_project_cloud_goog"
  version: "v1"
  source_context {
    file_name: "x-google-endpoints-with-ip.json"
  }
}
documentation {
  summary: "A simple Google Example Library API."
}
http {
}
quota {
}
authentication {
}
context {
}
usage {
}
endpoints {
  name: "library-example.endpoints.test-project.cloud.goog"
  apis: "v1.library_example_endpoints_test_project_cloud_goog"
  target: "5.5.5.5"
}
control {
  environment: "servicecontrol.googleapis.com"
}
system_parameters {
}
experimental {
}

