ERROR: x-google-endpoints-with-multiple-entries.json: x-google-endpoints: OpenAPI spec is invalid. Multiple endpoint entries are defined in the extension 'x-google-endpoints'. At most one entry is allowed.
name: "library-example.endpoints.test-project.cloud.goog"
title: "Google Example Library API"
apis {
  name: "v1.library_example_endpoints_test_project_cloud_goog"
  version: "v1"
  source_context {
    file_name: "x-google-endpoints-with-multiple-entries.json"
  }
}
documentation {
  summary: "A simple Google Example Library API."
}
http {
}
authentication {
}
context {
}
usage {
}
endpoints {
  name: "library-example.endpoints.test-project.cloud.goog"
  apis: "v1.library_example_endpoints_test_project_cloud_goog"
  target: "5.5.5.5"
}
endpoints {
  name: "library-example-1.endpoints.test-project.cloud.goog"
  apis: "v1.library_example_endpoints_test_project_cloud_goog"
  target: "mytest.appspot.com"
}
control {
  environment: "servicecontrol.googleapis.com"
}
system_parameters {
}
experimental {
}

